<testsuites name="jest tests" tests="6" failures="0" time="3.274">
  <testsuite name="undefined" errors="0" failures="0" skipped="0" timestamp="2018-05-20T08:34:57" time="1.106" tests="1">
    <testcase classname=" renders without crashing" name=" renders without crashing" time="0.005">
    </testcase>
  </testsuite>
  <testsuite name="undefined" errors="0" failures="0" skipped="0" timestamp="2018-05-20T08:34:58" time="0.314" tests="1">
    <testcase classname=" renders without crashing" name=" renders without crashing" time="0.035">
    </testcase>
  </testsuite>
  <testsuite name="undefined" errors="0" failures="0" skipped="0" timestamp="2018-05-20T08:34:59" time="0.128" tests="1">
    <testcase classname=" renders without crashing" name=" renders without crashing" time="0.001">
    </testcase>
  </testsuite>
  <testsuite name="undefined" errors="0" failures="0" skipped="0" timestamp="2018-05-20T08:34:59" time="0.099" tests="1">
    <testcase classname=" renders without crashing" name=" renders without crashing" time="0.002">
    </testcase>
  </testsuite>
  <testsuite name="undefined" errors="0" failures="0" skipped="0" timestamp="2018-05-20T08:34:59" time="0.095" tests="1">
    <testcase classname=" renders without crashing" name=" renders without crashing" time="0.002">
    </testcase>
  </testsuite>
  <testsuite name="undefined" errors="0" failures="0" skipped="0" timestamp="2018-05-20T08:34:59" time="0.091" tests="1">
    <testcase classname=" renders without crashing" name=" renders without crashing" time="0.001">
    </testcase>
  </testsuite>
</testsuites>